<?php return array (
  0 => 'Symfony\\Bundle\\FrameworkBundle\\Controller\\AbstractController',
  1 => 'Doctrine\\Bundle\\DoctrineBundle\\Controller\\ProfilerController',
  2 => 'Doctrine\\ORM\\Cache\\Persister\\Entity\\AbstractEntityPersister',
  3 => 'Doctrine\\ORM\\Cache\\Persister\\Entity\\CachedEntityPersister',
  4 => 'Doctrine\\ORM\\Cache\\Persister\\Entity\\NonStrictReadWriteCachedEntityPersister',
  5 => 'Doctrine\\ORM\\Cache\\Persister\\Entity\\ReadOnlyCachedEntityPersister',
  6 => 'Doctrine\\ORM\\Cache\\Persister\\Entity\\ReadWriteCachedEntityPersister',
  7 => 'Doctrine\\ORM\\Persisters\\Entity\\AbstractEntityInheritancePersister',
  8 => 'Doctrine\\ORM\\Persisters\\Entity\\BasicEntityPersister',
  9 => 'Doctrine\\ORM\\Persisters\\Entity\\CachedPersisterContext',
  10 => 'Doctrine\\ORM\\Persisters\\Entity\\EntityPersister',
  11 => 'Doctrine\\ORM\\Persisters\\Entity\\JoinedSubclassPersister',
  12 => 'Doctrine\\ORM\\Persisters\\Entity\\SingleTablePersister',
  13 => 'Eccube\\Controller\\AbstractController',
  14 => 'Eccube\\Controller\\AbstractShoppingController',
  15 => 'Eccube\\Controller\\Admin\\AbstractCsvImportController',
  16 => 'Eccube\\Controller\\Admin\\AdminController',
  17 => 'Eccube\\Controller\\Admin\\Content\\BlockController',
  18 => 'Eccube\\Controller\\Admin\\Content\\CacheController',
  19 => 'Eccube\\Controller\\Admin\\Content\\CssController',
  20 => 'Eccube\\Controller\\Admin\\Content\\FileController',
  21 => 'Eccube\\Controller\\Admin\\Content\\JsController',
  22 => 'Eccube\\Controller\\Admin\\Content\\LayoutController',
  23 => 'Eccube\\Controller\\Admin\\Content\\MaintenanceController',
  24 => 'Eccube\\Controller\\Admin\\Content\\NewsController',
  25 => 'Eccube\\Controller\\Admin\\Content\\PageController',
  26 => 'Eccube\\Controller\\Admin\\Customer\\CustomerController',
  27 => 'Eccube\\Controller\\Admin\\Customer\\CustomerDeliveryEditController',
  28 => 'Eccube\\Controller\\Admin\\Customer\\CustomerEditController',
  29 => 'Eccube\\Controller\\Admin\\Order\\CsvImportController',
  30 => 'Eccube\\Controller\\Admin\\Order\\EditController',
  31 => 'Eccube\\Controller\\Admin\\Order\\MailController',
  32 => 'Eccube\\Controller\\Admin\\Order\\OrderController',
  33 => 'Eccube\\Controller\\Admin\\Order\\ShippingController',
  34 => 'Eccube\\Controller\\Admin\\Product\\CategoryController',
  35 => 'Eccube\\Controller\\Admin\\Product\\ClassCategoryController',
  36 => 'Eccube\\Controller\\Admin\\Product\\ClassNameController',
  37 => 'Eccube\\Controller\\Admin\\Product\\CsvImportController',
  38 => 'Eccube\\Controller\\Admin\\Product\\ProductClassController',
  39 => 'Eccube\\Controller\\Admin\\Product\\ProductController',
  40 => 'Eccube\\Controller\\Admin\\Product\\TagController',
  41 => 'Eccube\\Controller\\Admin\\Setting\\Shop\\CalendarController',
  42 => 'Eccube\\Controller\\Admin\\Setting\\Shop\\CsvController',
  43 => 'Eccube\\Controller\\Admin\\Setting\\Shop\\DeliveryController',
  44 => 'Eccube\\Controller\\Admin\\Setting\\Shop\\MailController',
  45 => 'Eccube\\Controller\\Admin\\Setting\\Shop\\OrderStatusController',
  46 => 'Eccube\\Controller\\Admin\\Setting\\Shop\\PaymentController',
  47 => 'Eccube\\Controller\\Admin\\Setting\\Shop\\ShopController',
  48 => 'Eccube\\Controller\\Admin\\Setting\\Shop\\TaxRuleController',
  49 => 'Eccube\\Controller\\Admin\\Setting\\Shop\\TradeLawController',
  50 => 'Eccube\\Controller\\Admin\\Setting\\System\\AuthorityController',
  51 => 'Eccube\\Controller\\Admin\\Setting\\System\\LogController',
  52 => 'Eccube\\Controller\\Admin\\Setting\\System\\LoginHistoryController',
  53 => 'Eccube\\Controller\\Admin\\Setting\\System\\MasterdataController',
  54 => 'Eccube\\Controller\\Admin\\Setting\\System\\MemberController',
  55 => 'Eccube\\Controller\\Admin\\Setting\\System\\SecurityController',
  56 => 'Eccube\\Controller\\Admin\\Setting\\System\\SystemController',
  57 => 'Eccube\\Controller\\Admin\\Setting\\System\\TwoFactorAuthController',
  58 => 'Eccube\\Controller\\Admin\\Store\\OwnerStoreController',
  59 => 'Eccube\\Controller\\Admin\\Store\\PluginController',
  60 => 'Eccube\\Controller\\Admin\\Store\\TemplateController',
  61 => 'Eccube\\Controller\\Block\\AutoNewItemController',
  62 => 'Eccube\\Controller\\Block\\CalendarController',
  63 => 'Eccube\\Controller\\Block\\CartController',
  64 => 'Eccube\\Controller\\Block\\SearchProductController',
  65 => 'Eccube\\Controller\\CartController',
  66 => 'Eccube\\Controller\\ContactController',
  67 => 'Eccube\\Controller\\EntryController',
  68 => 'Eccube\\Controller\\ForgotController',
  69 => 'Eccube\\Controller\\HelpController',
  70 => 'Eccube\\Controller\\InstallPluginController',
  71 => 'Eccube\\Controller\\Install\\InstallController',
  72 => 'Eccube\\Controller\\Mypage\\ChangeController',
  73 => 'Eccube\\Controller\\Mypage\\DeliveryController',
  74 => 'Eccube\\Controller\\Mypage\\MypageController',
  75 => 'Eccube\\Controller\\Mypage\\WithdrawController',
  76 => 'Eccube\\Controller\\NonMemberShoppingController',
  77 => 'Eccube\\Controller\\ProductController',
  78 => 'Eccube\\Controller\\ShippingMultipleController',
  79 => 'Eccube\\Controller\\ShoppingController',
  80 => 'Eccube\\Controller\\SitemapController',
  81 => 'Eccube\\Controller\\TopController',
  82 => 'Eccube\\Controller\\TradeLawController',
  83 => 'Eccube\\Controller\\UserDataController',
  84 => 'Eccube\\Entity\\AbstractEntity',
  85 => 'Eccube\\Entity\\AuthorityRole',
  86 => 'Eccube\\Entity\\BaseInfo',
  87 => 'Eccube\\Entity\\Block',
  88 => 'Eccube\\Entity\\BlockPosition',
  89 => 'Eccube\\Entity\\Calendar',
  90 => 'Eccube\\Entity\\Cart',
  91 => 'Eccube\\Entity\\CartItem',
  92 => 'Eccube\\Entity\\Category',
  93 => 'Eccube\\Entity\\ClassCategory',
  94 => 'Eccube\\Entity\\ClassName',
  95 => 'Eccube\\Entity\\Csv',
  96 => 'Eccube\\Entity\\Customer',
  97 => 'Eccube\\Entity\\CustomerAddress',
  98 => 'Eccube\\Entity\\CustomerFavoriteProduct',
  99 => 'Eccube\\Entity\\Delivery',
  100 => 'Eccube\\Entity\\DeliveryDuration',
  101 => 'Eccube\\Entity\\DeliveryFee',
  102 => 'Eccube\\Entity\\DeliveryTime',
  103 => 'Eccube\\Entity\\ExportCsvRow',
  104 => 'Eccube\\Entity\\ItemHolderInterface',
  105 => 'Eccube\\Entity\\ItemInterface',
  106 => 'Eccube\\Entity\\Layout',
  107 => 'Eccube\\Entity\\LoginHistory',
  108 => 'Eccube\\Entity\\MailHistory',
  109 => 'Eccube\\Entity\\MailTemplate',
  110 => 'Eccube\\Entity\\Master\\AbstractMasterEntity',
  111 => 'Eccube\\Entity\\Master\\Authority',
  112 => 'Eccube\\Entity\\Master\\Country',
  113 => 'Eccube\\Entity\\Master\\CsvType',
  114 => 'Eccube\\Entity\\Master\\CustomerOrderStatus',
  115 => 'Eccube\\Entity\\Master\\CustomerStatus',
  116 => 'Eccube\\Entity\\Master\\DeviceType',
  117 => 'Eccube\\Entity\\Master\\Job',
  118 => 'Eccube\\Entity\\Master\\LoginHistoryStatus',
  119 => 'Eccube\\Entity\\Master\\OrderItemType',
  120 => 'Eccube\\Entity\\Master\\OrderStatus',
  121 => 'Eccube\\Entity\\Master\\OrderStatusColor',
  122 => 'Eccube\\Entity\\Master\\PageMax',
  123 => 'Eccube\\Entity\\Master\\Pref',
  124 => 'Eccube\\Entity\\Master\\ProductListMax',
  125 => 'Eccube\\Entity\\Master\\ProductListOrderBy',
  126 => 'Eccube\\Entity\\Master\\ProductStatus',
  127 => 'Eccube\\Entity\\Master\\RoundingType',
  128 => 'Eccube\\Entity\\Master\\SaleType',
  129 => 'Eccube\\Entity\\Master\\Sex',
  130 => 'Eccube\\Entity\\Master\\TaxDisplayType',
  131 => 'Eccube\\Entity\\Master\\TaxType',
  132 => 'Eccube\\Entity\\Master\\Work',
  133 => 'Eccube\\Entity\\Member',
  134 => 'Eccube\\Entity\\NameTrait',
  135 => 'Eccube\\Entity\\News',
  136 => 'Eccube\\Entity\\Order',
  137 => 'Eccube\\Entity\\OrderItem',
  138 => 'Eccube\\Entity\\OrderPdf',
  139 => 'Eccube\\Entity\\Page',
  140 => 'Eccube\\Entity\\PageLayout',
  141 => 'Eccube\\Entity\\Payment',
  142 => 'Eccube\\Entity\\PaymentOption',
  143 => 'Eccube\\Entity\\Plugin',
  144 => 'Eccube\\Entity\\PointRateTrait',
  145 => 'Eccube\\Entity\\PointTrait',
  146 => 'Eccube\\Entity\\Product',
  147 => 'Eccube\\Entity\\ProductCategory',
  148 => 'Eccube\\Entity\\ProductClass',
  149 => 'Eccube\\Entity\\ProductImage',
  150 => 'Eccube\\Entity\\ProductStock',
  151 => 'Eccube\\Entity\\ProductTag',
  152 => 'Eccube\\Entity\\PurchaseInterface',
  153 => 'Eccube\\Entity\\Shipping',
  154 => 'Eccube\\Entity\\Tag',
  155 => 'Eccube\\Entity\\TaxRule',
  156 => 'Eccube\\Entity\\Template',
  157 => 'Eccube\\Entity\\TradeLaw',
  158 => 'JsonSchema\\Entity\\JsonPointer',
  159 => 'League\\Bundle\\OAuth2ServerBundle\\Controller\\AuthorizationController',
  160 => 'League\\Bundle\\OAuth2ServerBundle\\Controller\\TokenController',
  161 => 'League\\Bundle\\OAuth2ServerBundle\\Entity\\AccessToken',
  162 => 'League\\Bundle\\OAuth2ServerBundle\\Entity\\AuthCode',
  163 => 'League\\Bundle\\OAuth2ServerBundle\\Entity\\Client',
  164 => 'League\\Bundle\\OAuth2ServerBundle\\Entity\\RefreshToken',
  165 => 'League\\Bundle\\OAuth2ServerBundle\\Entity\\Scope',
  166 => 'League\\Bundle\\OAuth2ServerBundle\\Entity\\User',
  167 => 'Plugin\\Coupon42\\Controller\\Admin\\CouponController',
  168 => 'Plugin\\Coupon42\\Controller\\Admin\\CouponSearchModelController',
  169 => 'Plugin\\Coupon42\\Controller\\CouponShoppingController',
  170 => 'Plugin\\Coupon42\\Entity\\Coupon',
  171 => 'Plugin\\Coupon42\\Entity\\CouponDetail',
  172 => 'Plugin\\Coupon42\\Entity\\CouponOrder',
  173 => 'Plugin\\MailMagazine42\\Controller\\MailMagazineController',
  174 => 'Plugin\\MailMagazine42\\Controller\\MailMagazineHistoryController',
  175 => 'Plugin\\MailMagazine42\\Controller\\MailMagazineTemplateController',
  176 => 'Plugin\\MailMagazine42\\Entity\\AdminCustomerQueryCustomizer',
  177 => 'Plugin\\MailMagazine42\\Entity\\CustomerTrait',
  178 => 'Plugin\\MailMagazine42\\Entity\\MailMagazineSendHistory',
  179 => 'Plugin\\MailMagazine42\\Entity\\MailMagazineTemplate',
  180 => 'Plugin\\ProductReview42\\Controller\\Admin\\ConfigController',
  181 => 'Plugin\\ProductReview42\\Controller\\Admin\\ProductReviewController',
  182 => 'Plugin\\ProductReview42\\Controller\\ProductReviewController',
  183 => 'Plugin\\ProductReview42\\Entity\\ProductReview',
  184 => 'Plugin\\ProductReview42\\Entity\\ProductReviewConfig',
  185 => 'Plugin\\ProductReview42\\Entity\\ProductReviewStatus',
  186 => 'Plugin\\Recommend42\\Controller\\RecommendController',
  187 => 'Plugin\\Recommend42\\Controller\\RecommendSearchModelController',
  188 => 'Plugin\\Recommend42\\Entity\\RecommendProduct',
  189 => 'Plugin\\RelatedProduct42\\Controller\\Admin\\RelatedProductController',
  190 => 'Plugin\\RelatedProduct42\\Entity\\ProductTrait',
  191 => 'Plugin\\RelatedProduct42\\Entity\\RelatedProduct',
  192 => 'Plugin\\SalesReport42\\Controller\\SalesReportController',
  193 => 'Plugin\\Securitychecker42\\Controller\\ConfigController',
  194 => 'Plugin\\Securitychecker42\\Entity\\Config',
  195 => 'Plugin\\SiteKit42\\Controller\\Admin\\ConfigController',
  196 => 'Plugin\\SiteKit42\\Controller\\Admin\\DashboardController',
  197 => 'Plugin\\SiteKit42\\Entity\\BaseInfoTrait',
  198 => 'Plugin\\SiteKit42\\Entity\\IdToken',
  199 => 'Plugin\\SiteKit42\\Entity\\MemberTrait',
  201 => 'Symfony\\Bundle\\FrameworkBundle\\Controller\\ControllerResolver',
  202 => 'Symfony\\Bundle\\FrameworkBundle\\Controller\\RedirectController',
  203 => 'Symfony\\Bundle\\FrameworkBundle\\Controller\\TemplateController',
  204 => 'Symfony\\Bundle\\WebProfilerBundle\\Controller\\ExceptionPanelController',
  205 => 'Symfony\\Bundle\\WebProfilerBundle\\Controller\\ProfilerController',
  206 => 'Symfony\\Bundle\\WebProfilerBundle\\Controller\\RouterController',
  207 => 'Symfony\\Component\\HttpKernel\\Controller\\ArgumentResolver',
  208 => 'Symfony\\Component\\HttpKernel\\Controller\\ArgumentResolverInterface',
  209 => 'Symfony\\Component\\HttpKernel\\Controller\\ArgumentResolver\\BackedEnumValueResolver',
  210 => 'Symfony\\Component\\HttpKernel\\Controller\\ArgumentResolver\\DateTimeValueResolver',
  211 => 'Symfony\\Component\\HttpKernel\\Controller\\ArgumentResolver\\DefaultValueResolver',
  212 => 'Symfony\\Component\\HttpKernel\\Controller\\ArgumentResolver\\NotTaggedControllerValueResolver',
  213 => 'Symfony\\Component\\HttpKernel\\Controller\\ArgumentResolver\\QueryParameterValueResolver',
  214 => 'Symfony\\Component\\HttpKernel\\Controller\\ArgumentResolver\\RequestAttributeValueResolver',
  215 => 'Symfony\\Component\\HttpKernel\\Controller\\ArgumentResolver\\RequestPayloadValueResolver',
  216 => 'Symfony\\Component\\HttpKernel\\Controller\\ArgumentResolver\\RequestValueResolver',
  217 => 'Symfony\\Component\\HttpKernel\\Controller\\ArgumentResolver\\ServiceValueResolver',
  218 => 'Symfony\\Component\\HttpKernel\\Controller\\ArgumentResolver\\SessionValueResolver',
  219 => 'Symfony\\Component\\HttpKernel\\Controller\\ArgumentResolver\\TraceableValueResolver',
  220 => 'Symfony\\Component\\HttpKernel\\Controller\\ArgumentResolver\\UidValueResolver',
  221 => 'Symfony\\Component\\HttpKernel\\Controller\\ArgumentResolver\\VariadicValueResolver',
  222 => 'Symfony\\Component\\HttpKernel\\Controller\\ArgumentValueResolverInterface',
  223 => 'Symfony\\Component\\HttpKernel\\Controller\\ContainerControllerResolver',
  224 => 'Symfony\\Component\\HttpKernel\\Controller\\ControllerReference',
  225 => 'Symfony\\Component\\HttpKernel\\Controller\\ControllerResolver',
  226 => 'Symfony\\Component\\HttpKernel\\Controller\\ControllerResolverInterface',
  227 => 'Symfony\\Component\\HttpKernel\\Controller\\ErrorController',
  228 => 'Symfony\\Component\\HttpKernel\\Controller\\TraceableArgumentResolver',
  229 => 'Symfony\\Component\\HttpKernel\\Controller\\TraceableControllerResolver',
  230 => 'Symfony\\Component\\HttpKernel\\Controller\\ValueResolverInterface',
  231 => 'Symfony\\Component\\Security\\Http\\Controller\\SecurityTokenValueResolver',
  232 => 'Symfony\\Component\\Security\\Http\\Controller\\UserValueResolver',
);